// Jest Snapshot v1, https://goo.gl/fbAQLP

exports[`Should render Layout should render Layout 1`] = `
Object {
  "asFragment": [Function],
  "baseElement": <body>
    <div>
      <header
        class="AppBar"
      >
        <div
          class="AppBar__Container"
        >
          <a
            class="Logo__Link"
            href="/"
          >
            <img
              alt="Logo Mercadolibre"
              src="Logo_ML.png"
              srcset="Logo_ML.png 53w, Logo_ML@2x.png.png 106w"
              width="53"
            />
          </a>
          <form
            class="SearchInput"
          >
            <input
              autocomplete="off"
              class="SearchInput__input"
              name="q"
              placeholder="Buscar productos, marcas y más…"
              value=""
            />
            <button
              class="SearchInput__button"
              type="submit"
            >
              <img
                alt="Icono buscar"
                src="ic_Search@2x.png.png"
                srcset="ic_Search.png 18w, ic_Search@2x.png.png 36w"
                width="18"
              />
            </button>
          </form>
        </div>
      </header>
      <div
        class="Layout__container"
      />
    </div>
  </body>,
  "container": <div>
    <header
      class="AppBar"
    >
      <div
        class="AppBar__Container"
      >
        <a
          class="Logo__Link"
          href="/"
        >
          <img
            alt="Logo Mercadolibre"
            src="Logo_ML.png"
            srcset="Logo_ML.png 53w, Logo_ML@2x.png.png 106w"
            width="53"
          />
        </a>
        <form
          class="SearchInput"
        >
          <input
            autocomplete="off"
            class="SearchInput__input"
            name="q"
            placeholder="Buscar productos, marcas y más…"
            value=""
          />
          <button
            class="SearchInput__button"
            type="submit"
          >
            <img
              alt="Icono buscar"
              src="ic_Search@2x.png.png"
              srcset="ic_Search.png 18w, ic_Search@2x.png.png 36w"
              width="18"
            />
          </button>
        </form>
      </div>
    </header>
    <div
      class="Layout__container"
    />
  </div>,
  "debug": [Function],
  "findAllByAltText": [Function],
  "findAllByDisplayValue": [Function],
  "findAllByLabelText": [Function],
  "findAllByPlaceholderText": [Function],
  "findAllByRole": [Function],
  "findAllByTestId": [Function],
  "findAllByText": [Function],
  "findAllByTitle": [Function],
  "findByAltText": [Function],
  "findByDisplayValue": [Function],
  "findByLabelText": [Function],
  "findByPlaceholderText": [Function],
  "findByRole": [Function],
  "findByTestId": [Function],
  "findByText": [Function],
  "findByTitle": [Function],
  "getAllByAltText": [Function],
  "getAllByDisplayValue": [Function],
  "getAllByLabelText": [Function],
  "getAllByPlaceholderText": [Function],
  "getAllByRole": [Function],
  "getAllByTestId": [Function],
  "getAllByText": [Function],
  "getAllByTitle": [Function],
  "getByAltText": [Function],
  "getByDisplayValue": [Function],
  "getByLabelText": [Function],
  "getByPlaceholderText": [Function],
  "getByRole": [Function],
  "getByTestId": [Function],
  "getByText": [Function],
  "getByTitle": [Function],
  "queryAllByAltText": [Function],
  "queryAllByDisplayValue": [Function],
  "queryAllByLabelText": [Function],
  "queryAllByPlaceholderText": [Function],
  "queryAllByRole": [Function],
  "queryAllByTestId": [Function],
  "queryAllByText": [Function],
  "queryAllByTitle": [Function],
  "queryByAltText": [Function],
  "queryByDisplayValue": [Function],
  "queryByLabelText": [Function],
  "queryByPlaceholderText": [Function],
  "queryByRole": [Function],
  "queryByTestId": [Function],
  "queryByText": [Function],
  "queryByTitle": [Function],
  "rerender": [Function],
  "unmount": [Function],
}
`;
